// Jest Snapshot v1, https://goo.gl/fbAQLP

exports[`renders correctly 1`] = `
<div
  className="sc-ifAKCX bqyzQp"
  onClick={[Function]}
>
  <div
    className="sc-EHOje dFQdKu"
  >
    Sort
  </div>
</div>
`;
