// Jest Snapshot v1, https://goo.gl/fbAQLP

exports[`renders correctly 1`] = `
<div
  className="sc-bdVaJa fVLgYx"
  onClick={[Function]}
>
  <div
    className="sc-bwzfXH kvNVBS"
  />
</div>
`;
