// Jest Snapshot v1, https://goo.gl/fbAQLP

exports[`renders correctly 1`] = `
<footer
  className="sc-bdVaJa iOaCZq"
>
  build with â™¥
</footer>
`;
